###############################################################################
#
# IAR ELF Linker V7.50.2.10312/W32 for ARM                25/Feb/2019  19:04:01
# Copyright 2007-2015 IAR Systems AB.
#
#    Output file  =  
#        D:\XiongXia\产品资料\IAP-Bootloader
#        终版\EWARM\YS-F4Pro\Exe\YS-F4Pro.out
#    Map file     =  
#        D:\XiongXia\产品资料\IAP-Bootloader
#        终版\EWARM\YS-F4Pro\List\YS-F4Pro.map
#    Command line =  
#        "D:\XiongXia\产品资料\IAP-Bootloader
#        终版\EWARM\YS-F4Pro\Obj\bsp_debug_usart.o"
#        "D:\XiongXia\产品资料\IAP-Bootloader
#        终版\EWARM\YS-F4Pro\Obj\bsp_iap.o"
#        "D:\XiongXia\产品资料\IAP-Bootloader
#        终版\EWARM\YS-F4Pro\Obj\bsp_spiflash.o"
#        "D:\XiongXia\产品资料\IAP-Bootloader 终版\EWARM\YS-F4Pro\Obj\crc16.o"
#        "D:\XiongXia\产品资料\IAP-Bootloader 终版\EWARM\YS-F4Pro\Obj\main.o"
#        "D:\XiongXia\产品资料\IAP-Bootloader
#        终版\EWARM\YS-F4Pro\Obj\startup_stm32f407xx.o"
#        "D:\XiongXia\产品资料\IAP-Bootloader
#        终版\EWARM\YS-F4Pro\Obj\stm32f4xx_assert.o"
#        "D:\XiongXia\产品资料\IAP-Bootloader
#        终版\EWARM\YS-F4Pro\Obj\stm32f4xx_hal.o"
#        "D:\XiongXia\产品资料\IAP-Bootloader
#        终版\EWARM\YS-F4Pro\Obj\stm32f4xx_hal_adc.o"
#        "D:\XiongXia\产品资料\IAP-Bootloader
#        终版\EWARM\YS-F4Pro\Obj\stm32f4xx_hal_adc_ex.o"
#        "D:\XiongXia\产品资料\IAP-Bootloader
#        终版\EWARM\YS-F4Pro\Obj\stm32f4xx_hal_can.o"
#        "D:\XiongXia\产品资料\IAP-Bootloader
#        终版\EWARM\YS-F4Pro\Obj\stm32f4xx_hal_cec.o"
#        "D:\XiongXia\产品资料\IAP-Bootloader
#        终版\EWARM\YS-F4Pro\Obj\stm32f4xx_hal_cortex.o"
#        "D:\XiongXia\产品资料\IAP-Bootloader
#        终版\EWARM\YS-F4Pro\Obj\stm32f4xx_hal_crc.o"
#        "D:\XiongXia\产品资料\IAP-Bootloader
#        终版\EWARM\YS-F4Pro\Obj\stm32f4xx_hal_cryp.o"
#        "D:\XiongXia\产品资料\IAP-Bootloader
#        终版\EWARM\YS-F4Pro\Obj\stm32f4xx_hal_cryp_ex.o"
#        "D:\XiongXia\产品资料\IAP-Bootloader
#        终版\EWARM\YS-F4Pro\Obj\stm32f4xx_hal_dac.o"
#        "D:\XiongXia\产品资料\IAP-Bootloader
#        终版\EWARM\YS-F4Pro\Obj\stm32f4xx_hal_dac_ex.o"
#        "D:\XiongXia\产品资料\IAP-Bootloader
#        终版\EWARM\YS-F4Pro\Obj\stm32f4xx_hal_dcmi.o"
#        "D:\XiongXia\产品资料\IAP-Bootloader
#        终版\EWARM\YS-F4Pro\Obj\stm32f4xx_hal_dcmi_ex.o"
#        "D:\XiongXia\产品资料\IAP-Bootloader
#        终版\EWARM\YS-F4Pro\Obj\stm32f4xx_hal_dfsdm.o"
#        "D:\XiongXia\产品资料\IAP-Bootloader
#        终版\EWARM\YS-F4Pro\Obj\stm32f4xx_hal_dma.o"
#        "D:\XiongXia\产品资料\IAP-Bootloader
#        终版\EWARM\YS-F4Pro\Obj\stm32f4xx_hal_dma2d.o"
#        "D:\XiongXia\产品资料\IAP-Bootloader
#        终版\EWARM\YS-F4Pro\Obj\stm32f4xx_hal_dma_ex.o"
#        "D:\XiongXia\产品资料\IAP-Bootloader
#        终版\EWARM\YS-F4Pro\Obj\stm32f4xx_hal_dsi.o"
#        "D:\XiongXia\产品资料\IAP-Bootloader
#        终版\EWARM\YS-F4Pro\Obj\stm32f4xx_hal_eth.o"
#        "D:\XiongXia\产品资料\IAP-Bootloader
#        终版\EWARM\YS-F4Pro\Obj\stm32f4xx_hal_flash.o"
#        "D:\XiongXia\产品资料\IAP-Bootloader
#        终版\EWARM\YS-F4Pro\Obj\stm32f4xx_hal_flash_ex.o"
#        "D:\XiongXia\产品资料\IAP-Bootloader
#        终版\EWARM\YS-F4Pro\Obj\stm32f4xx_hal_flash_ramfunc.o"
#        "D:\XiongXia\产品资料\IAP-Bootloader
#        终版\EWARM\YS-F4Pro\Obj\stm32f4xx_hal_fmpi2c.o"
#        "D:\XiongXia\产品资料\IAP-Bootloader
#        终版\EWARM\YS-F4Pro\Obj\stm32f4xx_hal_fmpi2c_ex.o"
#        "D:\XiongXia\产品资料\IAP-Bootloader
#        终版\EWARM\YS-F4Pro\Obj\stm32f4xx_hal_gpio.o"
#        "D:\XiongXia\产品资料\IAP-Bootloader
#        终版\EWARM\YS-F4Pro\Obj\stm32f4xx_hal_hash.o"
#        "D:\XiongXia\产品资料\IAP-Bootloader
#        终版\EWARM\YS-F4Pro\Obj\stm32f4xx_hal_hash_ex.o"
#        "D:\XiongXia\产品资料\IAP-Bootloader
#        终版\EWARM\YS-F4Pro\Obj\stm32f4xx_hal_hcd.o"
#        "D:\XiongXia\产品资料\IAP-Bootloader
#        终版\EWARM\YS-F4Pro\Obj\stm32f4xx_hal_i2c.o"
#        "D:\XiongXia\产品资料\IAP-Bootloader
#        终版\EWARM\YS-F4Pro\Obj\stm32f4xx_hal_i2c_ex.o"
#        "D:\XiongXia\产品资料\IAP-Bootloader
#        终版\EWARM\YS-F4Pro\Obj\stm32f4xx_hal_i2s.o"
#        "D:\XiongXia\产品资料\IAP-Bootloader
#        终版\EWARM\YS-F4Pro\Obj\stm32f4xx_hal_i2s_ex.o"
#        "D:\XiongXia\产品资料\IAP-Bootloader
#        终版\EWARM\YS-F4Pro\Obj\stm32f4xx_hal_irda.o"
#        "D:\XiongXia\产品资料\IAP-Bootloader
#        终版\EWARM\YS-F4Pro\Obj\stm32f4xx_hal_iwdg.o"
#        "D:\XiongXia\产品资料\IAP-Bootloader
#        终版\EWARM\YS-F4Pro\Obj\stm32f4xx_hal_lptim.o"
#        "D:\XiongXia\产品资料\IAP-Bootloader
#        终版\EWARM\YS-F4Pro\Obj\stm32f4xx_hal_ltdc.o"
#        "D:\XiongXia\产品资料\IAP-Bootloader
#        终版\EWARM\YS-F4Pro\Obj\stm32f4xx_hal_ltdc_ex.o"
#        "D:\XiongXia\产品资料\IAP-Bootloader
#        终版\EWARM\YS-F4Pro\Obj\stm32f4xx_hal_mmc.o"
#        "D:\XiongXia\产品资料\IAP-Bootloader
#        终版\EWARM\YS-F4Pro\Obj\stm32f4xx_hal_msp.o"
#        "D:\XiongXia\产品资料\IAP-Bootloader
#        终版\EWARM\YS-F4Pro\Obj\stm32f4xx_hal_nand.o"
#        "D:\XiongXia\产品资料\IAP-Bootloader
#        终版\EWARM\YS-F4Pro\Obj\stm32f4xx_hal_nor.o"
#        "D:\XiongXia\产品资料\IAP-Bootloader
#        终版\EWARM\YS-F4Pro\Obj\stm32f4xx_hal_pccard.o"
#        "D:\XiongXia\产品资料\IAP-Bootloader
#        终版\EWARM\YS-F4Pro\Obj\stm32f4xx_hal_pcd.o"
#        "D:\XiongXia\产品资料\IAP-Bootloader
#        终版\EWARM\YS-F4Pro\Obj\stm32f4xx_hal_pcd_ex.o"
#        "D:\XiongXia\产品资料\IAP-Bootloader
#        终版\EWARM\YS-F4Pro\Obj\stm32f4xx_hal_pwr.o"
#        "D:\XiongXia\产品资料\IAP-Bootloader
#        终版\EWARM\YS-F4Pro\Obj\stm32f4xx_hal_pwr_ex.o"
#        "D:\XiongXia\产品资料\IAP-Bootloader
#        终版\EWARM\YS-F4Pro\Obj\stm32f4xx_hal_qspi.o"
#        "D:\XiongXia\产品资料\IAP-Bootloader
#        终版\EWARM\YS-F4Pro\Obj\stm32f4xx_hal_rcc.o"
#        "D:\XiongXia\产品资料\IAP-Bootloader
#        终版\EWARM\YS-F4Pro\Obj\stm32f4xx_hal_rcc_ex.o"
#        "D:\XiongXia\产品资料\IAP-Bootloader
#        终版\EWARM\YS-F4Pro\Obj\stm32f4xx_hal_rng.o"
#        "D:\XiongXia\产品资料\IAP-Bootloader
#        终版\EWARM\YS-F4Pro\Obj\stm32f4xx_hal_rtc.o"
#        "D:\XiongXia\产品资料\IAP-Bootloader
#        终版\EWARM\YS-F4Pro\Obj\stm32f4xx_hal_rtc_ex.o"
#        "D:\XiongXia\产品资料\IAP-Bootloader
#        终版\EWARM\YS-F4Pro\Obj\stm32f4xx_hal_sai.o"
#        "D:\XiongXia\产品资料\IAP-Bootloader
#        终版\EWARM\YS-F4Pro\Obj\stm32f4xx_hal_sai_ex.o"
#        "D:\XiongXia\产品资料\IAP-Bootloader
#        终版\EWARM\YS-F4Pro\Obj\stm32f4xx_hal_sd.o"
#        "D:\XiongXia\产品资料\IAP-Bootloader
#        终版\EWARM\YS-F4Pro\Obj\stm32f4xx_hal_sdram.o"
#        "D:\XiongXia\产品资料\IAP-Bootloader
#        终版\EWARM\YS-F4Pro\Obj\stm32f4xx_hal_smartcard.o"
#        "D:\XiongXia\产品资料\IAP-Bootloader
#        终版\EWARM\YS-F4Pro\Obj\stm32f4xx_hal_spdifrx.o"
#        "D:\XiongXia\产品资料\IAP-Bootloader
#        终版\EWARM\YS-F4Pro\Obj\stm32f4xx_hal_spi.o"
#        "D:\XiongXia\产品资料\IAP-Bootloader
#        终版\EWARM\YS-F4Pro\Obj\stm32f4xx_hal_sram.o"
#        "D:\XiongXia\产品资料\IAP-Bootloader
#        终版\EWARM\YS-F4Pro\Obj\stm32f4xx_hal_tim.o"
#        "D:\XiongXia\产品资料\IAP-Bootloader
#        终版\EWARM\YS-F4Pro\Obj\stm32f4xx_hal_tim_ex.o"
#        "D:\XiongXia\产品资料\IAP-Bootloader
#        终版\EWARM\YS-F4Pro\Obj\stm32f4xx_hal_uart.o"
#        "D:\XiongXia\产品资料\IAP-Bootloader
#        终版\EWARM\YS-F4Pro\Obj\stm32f4xx_hal_usart.o"
#        "D:\XiongXia\产品资料\IAP-Bootloader
#        终版\EWARM\YS-F4Pro\Obj\stm32f4xx_hal_wwdg.o"
#        "D:\XiongXia\产品资料\IAP-Bootloader
#        终版\EWARM\YS-F4Pro\Obj\stm32f4xx_it.o"
#        "D:\XiongXia\产品资料\IAP-Bootloader
#        终版\EWARM\YS-F4Pro\Obj\stm32f4xx_ll_adc.o"
#        "D:\XiongXia\产品资料\IAP-Bootloader
#        终版\EWARM\YS-F4Pro\Obj\stm32f4xx_ll_crc.o"
#        "D:\XiongXia\产品资料\IAP-Bootloader
#        终版\EWARM\YS-F4Pro\Obj\stm32f4xx_ll_dac.o"
#        "D:\XiongXia\产品资料\IAP-Bootloader
#        终版\EWARM\YS-F4Pro\Obj\stm32f4xx_ll_dma.o"
#        "D:\XiongXia\产品资料\IAP-Bootloader
#        终版\EWARM\YS-F4Pro\Obj\stm32f4xx_ll_dma2d.o"
#        "D:\XiongXia\产品资料\IAP-Bootloader
#        终版\EWARM\YS-F4Pro\Obj\stm32f4xx_ll_exti.o"
#        "D:\XiongXia\产品资料\IAP-Bootloader
#        终版\EWARM\YS-F4Pro\Obj\stm32f4xx_ll_fmc.o"
#        "D:\XiongXia\产品资料\IAP-Bootloader
#        终版\EWARM\YS-F4Pro\Obj\stm32f4xx_ll_fsmc.o"
#        "D:\XiongXia\产品资料\IAP-Bootloader
#        终版\EWARM\YS-F4Pro\Obj\stm32f4xx_ll_gpio.o"
#        "D:\XiongXia\产品资料\IAP-Bootloader
#        终版\EWARM\YS-F4Pro\Obj\stm32f4xx_ll_i2c.o"
#        "D:\XiongXia\产品资料\IAP-Bootloader
#        终版\EWARM\YS-F4Pro\Obj\stm32f4xx_ll_lptim.o"
#        "D:\XiongXia\产品资料\IAP-Bootloader
#        终版\EWARM\YS-F4Pro\Obj\stm32f4xx_ll_pwr.o"
#        "D:\XiongXia\产品资料\IAP-Bootloader
#        终版\EWARM\YS-F4Pro\Obj\stm32f4xx_ll_rcc.o"
#        "D:\XiongXia\产品资料\IAP-Bootloader
#        终版\EWARM\YS-F4Pro\Obj\stm32f4xx_ll_rng.o"
#        "D:\XiongXia\产品资料\IAP-Bootloader
#        终版\EWARM\YS-F4Pro\Obj\stm32f4xx_ll_rtc.o"
#        "D:\XiongXia\产品资料\IAP-Bootloader
#        终版\EWARM\YS-F4Pro\Obj\stm32f4xx_ll_sdmmc.o"
#        "D:\XiongXia\产品资料\IAP-Bootloader
#        终版\EWARM\YS-F4Pro\Obj\stm32f4xx_ll_spi.o"
#        "D:\XiongXia\产品资料\IAP-Bootloader
#        终版\EWARM\YS-F4Pro\Obj\stm32f4xx_ll_tim.o"
#        "D:\XiongXia\产品资料\IAP-Bootloader
#        终版\EWARM\YS-F4Pro\Obj\stm32f4xx_ll_usart.o"
#        "D:\XiongXia\产品资料\IAP-Bootloader
#        终版\EWARM\YS-F4Pro\Obj\stm32f4xx_ll_usb.o"
#        "D:\XiongXia\产品资料\IAP-Bootloader
#        终版\EWARM\YS-F4Pro\Obj\stm32f4xx_ll_utils.o"
#        "D:\XiongXia\产品资料\IAP-Bootloader
#        终版\EWARM\YS-F4Pro\Obj\stm_flash.o"
#        "D:\XiongXia\产品资料\IAP-Bootloader
#        终版\EWARM\YS-F4Pro\Obj\system_stm32f4xx.o" --redirect
#        _Printf=_PrintfFull --redirect _Scanf=_ScanfFull -o
#        "D:\XiongXia\产品资料\IAP-Bootloader
#        终版\EWARM\YS-F4Pro\Exe\YS-F4Pro.out" --map
#        "D:\XiongXia\产品资料\IAP-Bootloader
#        终版\EWARM\YS-F4Pro\List\YS-F4Pro.map" --config
#        "D:\XiongXia\产品资料\IAP-Bootloader 终版\EWARM/stm32f407xx_flash.icf"
#        --semihosting --entry __iar_program_start --vfe
#
###############################################################################

*******************************************************************************
*** RUNTIME MODEL ATTRIBUTES
***

CppFlavor                     = *
__Heap_Handler                = Basic
__SystemLibrary               = DLib
__dlib_dynamic_initialization = normal


*******************************************************************************
*** PLACEMENT SUMMARY
***

"A1":  place at 0x08000000 { ro section .intvec };
"P1":  place in [from 0x08000000 to 0x080fffff] { ro };
"P2":  place in [from 0x20000000 to 0x2001ffff] { rw, block CSTACK, block HEAP };

  Section             Kind        Address    Size  Object
  -------             ----        -------    ----  ------
"A1":                                       0x188
  .intvec             ro code  0x08000000   0x188  startup_stm32f407xx.o [1]
                             - 0x08000188   0x188

"P1":                                      0x4c67
  .text               ro code  0x08000188  0x1166  xprintffull.o [3]
  .text               ro code  0x080012ee    0x20  xmbtowc.o [3]
  .text               ro code  0x0800130e     0xa  xsprout.o [3]
  .text               ro code  0x08001318    0x16  strchr.o [5]
  .text               ro code  0x08001330    0x36  strlen.o [5]
  .text               ro code  0x08001368    0x58  memchr.o [5]
  .text               ro code  0x080013c0     0xa  xmbcurmax.o [3]
  .text               ro code  0x080013cc    0xb0  xxmemxmalloc.o [3]
  .text               ro code  0x0800147c    0x1a  xwctomb.o [3]
  .text               ro code  0x08001498    0x76  ABImemcpy_unaligned.o [5]
  .text               ro code  0x08001510    0x80  xxmemxfree.o [3]
  .text               ro code  0x08001590    0xee  I64DivMod.o [5]
  .text               ro code  0x0800167e    0x42  xdnorm.o [4]
  .text               ro code  0x080016c0    0x2e  DblCmpLe.o [4]
  .text               ro code  0x080016f0    0x2e  DblCmpGe.o [4]
  .text               ro code  0x08001720   0x114  xdscale.o [4]
  .text               ro code  0x08001834    0x58  DblToI32.o [4]
  .text               ro code  0x0800188c    0x30  I32ToDbl.o [4]
  .text               ro code  0x080018bc   0x180  DblSub.o [4]
  .text               ro code  0x08001a3c   0x1a2  DblMul.o [4]
  .text               ro code  0x08001be0   0x256  DblDiv.o [4]
  .text               ro code  0x08001e38    0x6c  localeconv.o [3]
  .text               ro code  0x08001ea4     0xe  div.o [3]
  .text               ro code  0x08001eb4    0x24  setlocale.o [3]
  .text               ro code  0x08001ed8    0x60  xencoding_sb.o [3]
  .text               ro code  0x08001f38    0x2c  xgetmemchunk.o [3]
  .text               ro code  0x08001f64     0x2  I64DivZer.o [5]
  .text               ro code  0x08001f68    0xd4  DblAdd.o [4]
  .text               ro code  0x0800203c     0x2  xtls.o [3]
  .text               ro code  0x08002040   0x7c8  stm32f4xx_hal_uart.o [1]
  .text               ro code  0x08002808   0x1dc  bsp_debug_usart.o [1]
  .text               ro code  0x080029e4    0x9c  stm32f4xx_hal.o [1]
  .text               ro code  0x08002a80    0x26  stm32f4xx_hal_dma.o [1]
  .text               ro code  0x08002aa8   0x4c0  main.o [1]
  .text               ro code  0x08002f68   0x6bc  stm32f4xx_hal_rcc.o [1]
  .text               ro code  0x08003624   0x152  stm32f4xx_hal_cortex.o [1]
  .text               ro code  0x08003778   0x228  stm32f4xx_hal_gpio.o [1]
  .text               ro code  0x080039a0    0x6e  stm32f4xx_hal_msp.o [1]
  .text               ro code  0x08003a10    0x24  printf.o [3]
  .text               ro code  0x08003a34     0x6  ABImemclr4.o [5]
  .text               ro code  0x08003a3a    0x1c  strcat.o [3]
  .text               ro code  0x08003a56    0x18  toupper.o [3]
  .text               ro code  0x08003a70   0x1d0  bsp_spiflash.o [1]
  .text               ro code  0x08003c40    0x34  sprintf.o [3]
  .text               ro code  0x08003c74    0xce  crc16.o [1]
  .text               ro code  0x08003d44    0xa8  bsp_iap.o [1]
  .text               ro code  0x08003dec    0x32  ABImemset48.o [5]
  .text               ro code  0x08003e20   0x36c  stm32f4xx_hal_spi.o [1]
  .text               ro code  0x0800418c   0x270  stm_flash.o [1]
  .text               ro code  0x080043fc   0x250  stm32f4xx_hal_flash.o [1]
  .text               ro code  0x0800464c   0x1cc  stm32f4xx_hal_flash_ex.o [1]
  .text               ro code  0x08004818    0x6c  system_stm32f4xx.o [1]
  .rodata             const    0x08004884    0x40  main.o [1]
  .text               ro code  0x080048c4    0x40  zero_init3.o [5]
  .text               ro code  0x08004904    0x3c  stm32f4xx_it.o [1]
  .text               ro code  0x08004940    0x38  packbits_init_single.o [5]
  .rodata             const    0x08004978    0x30  main.o [1]
  .rodata             const    0x080049a8    0x28  main.o [1]
  .text               ro code  0x080049d0    0x28  data_init.o [5]
  .rodata             const    0x080049f8    0x24  main.o [1]
  .text               ro code  0x08004a1c    0x22  fpinit_M.o [4]
  .iar.init_table     const    0x08004a40    0x20  - Linker created -
  .rodata             const    0x08004a60    0x20  main.o [1]
  .rodata             const    0x08004a80    0x20  main.o [1]
  .rodata             const    0x08004aa0    0x1c  main.o [1]
  .rodata             const    0x08004abc    0x1c  main.o [1]
  .rodata             const    0x08004ad8    0x1c  main.o [1]
  .text               ro code  0x08004af4    0x1a  cmain.o [5]
  .text               ro code  0x08004b0e     0x4  low_level_init.o [3]
  .text               ro code  0x08004b12     0x4  exit.o [3]
  .text               ro code  0x08004b18     0xa  cexit.o [5]
  .text               ro code  0x08004b24    0x14  exit.o [6]
  .rodata             const    0x08004b38    0x18  main.o [1]
  .text               ro code  0x08004b50    0x16  xprout.o [3]
  .text               ro code  0x08004b68     0xc  putchar.o [3]
  .rodata             const    0x08004b74    0x14  bsp_iap.o [1]
  .rodata             const    0x08004b88    0x14  main.o [1]
  .rodata             const    0x08004b9c    0x14  main.o [1]
  .rodata             const    0x08004bb0    0x10  main.o [1]
  .rodata             const    0x08004bc0    0x10  main.o [1]
  .rodata             const    0x08004bd0    0x10  main.o [1]
  .rodata             const    0x08004be0    0x10  main.o [1]
  .rodata             const    0x08004bf0    0x10  main.o [1]
  .rodata             const    0x08004c00    0x10  main.o [1]
  .rodata             const    0x08004c10    0x10  system_stm32f4xx.o [1]
  .text               ro code  0x08004c20    0x10  startup_stm32f407xx.o [1]
  .rodata             const    0x08004c30     0xc  bsp_iap.o [1]
  .rodata             const    0x08004c3c     0xc  main.o [1]
  .rodata             const    0x08004c48     0xc  main.o [1]
  .rodata             const    0x08004c54     0xc  main.o [1]
  .rodata             const    0x08004c60     0xc  stm_flash.o [1]
  .text               ro code  0x08004c6c     0xc  cstartup_M.o [5]
  .rodata             const    0x08004c78     0x8  system_stm32f4xx.o [1]
  .text               ro code  0x08004c80     0x4  startup_stm32f407xx.o [1]
  .text               ro code  0x08004c84     0x4  startup_stm32f407xx.o [1]
  .text               ro code  0x08004c88     0x4  startup_stm32f407xx.o [1]
  .text               ro code  0x08004c8c     0x4  startup_stm32f407xx.o [1]
  .text               ro code  0x08004c90     0x4  startup_stm32f407xx.o [1]
  .text               ro code  0x08004c94     0x4  startup_stm32f407xx.o [1]
  .text               ro code  0x08004c98     0x4  startup_stm32f407xx.o [1]
  .text               ro code  0x08004c9c     0x4  startup_stm32f407xx.o [1]
  .text               ro code  0x08004ca0     0x4  startup_stm32f407xx.o [1]
  .text               ro code  0x08004ca4     0x4  startup_stm32f407xx.o [1]
  .text               ro code  0x08004ca8     0x4  startup_stm32f407xx.o [1]
  .text               ro code  0x08004cac     0x4  startup_stm32f407xx.o [1]
  .text               ro code  0x08004cb0     0x4  startup_stm32f407xx.o [1]
  .text               ro code  0x08004cb4     0x4  startup_stm32f407xx.o [1]
  .text               ro code  0x08004cb8     0x4  startup_stm32f407xx.o [1]
  .text               ro code  0x08004cbc     0x4  startup_stm32f407xx.o [1]
  .text               ro code  0x08004cc0     0x4  startup_stm32f407xx.o [1]
  .text               ro code  0x08004cc4     0x4  startup_stm32f407xx.o [1]
  .text               ro code  0x08004cc8     0x4  startup_stm32f407xx.o [1]
  .text               ro code  0x08004ccc     0x4  startup_stm32f407xx.o [1]
  .text               ro code  0x08004cd0     0x4  startup_stm32f407xx.o [1]
  .text               ro code  0x08004cd4     0x4  startup_stm32f407xx.o [1]
  .text               ro code  0x08004cd8     0x4  startup_stm32f407xx.o [1]
  .text               ro code  0x08004cdc     0x4  startup_stm32f407xx.o [1]
  .text               ro code  0x08004ce0     0x4  startup_stm32f407xx.o [1]
  .text               ro code  0x08004ce4     0x4  startup_stm32f407xx.o [1]
  .text               ro code  0x08004ce8     0x4  startup_stm32f407xx.o [1]
  .text               ro code  0x08004cec     0x4  startup_stm32f407xx.o [1]
  .text               ro code  0x08004cf0     0x4  startup_stm32f407xx.o [1]
  .text               ro code  0x08004cf4     0x4  startup_stm32f407xx.o [1]
  .text               ro code  0x08004cf8     0x4  startup_stm32f407xx.o [1]
  .text               ro code  0x08004cfc     0x4  startup_stm32f407xx.o [1]
  .text               ro code  0x08004d00     0x4  startup_stm32f407xx.o [1]
  .text               ro code  0x08004d04     0x4  startup_stm32f407xx.o [1]
  .text               ro code  0x08004d08     0x4  startup_stm32f407xx.o [1]
  .text               ro code  0x08004d0c     0x4  startup_stm32f407xx.o [1]
  .text               ro code  0x08004d10     0x4  startup_stm32f407xx.o [1]
  .text               ro code  0x08004d14     0x4  startup_stm32f407xx.o [1]
  .text               ro code  0x08004d18     0x4  startup_stm32f407xx.o [1]
  .text               ro code  0x08004d1c     0x4  startup_stm32f407xx.o [1]
  .text               ro code  0x08004d20     0x4  startup_stm32f407xx.o [1]
  .text               ro code  0x08004d24     0x4  startup_stm32f407xx.o [1]
  .text               ro code  0x08004d28     0x4  startup_stm32f407xx.o [1]
  .text               ro code  0x08004d2c     0x4  startup_stm32f407xx.o [1]
  .text               ro code  0x08004d30     0x4  startup_stm32f407xx.o [1]
  .text               ro code  0x08004d34     0x4  startup_stm32f407xx.o [1]
  .text               ro code  0x08004d38     0x4  startup_stm32f407xx.o [1]
  .text               ro code  0x08004d3c     0x4  startup_stm32f407xx.o [1]
  .text               ro code  0x08004d40     0x4  startup_stm32f407xx.o [1]
  .text               ro code  0x08004d44     0x4  startup_stm32f407xx.o [1]
  .text               ro code  0x08004d48     0x4  startup_stm32f407xx.o [1]
  .text               ro code  0x08004d4c     0x4  startup_stm32f407xx.o [1]
  .text               ro code  0x08004d50     0x4  startup_stm32f407xx.o [1]
  .text               ro code  0x08004d54     0x4  startup_stm32f407xx.o [1]
  .text               ro code  0x08004d58     0x4  startup_stm32f407xx.o [1]
  .text               ro code  0x08004d5c     0x4  startup_stm32f407xx.o [1]
  .text               ro code  0x08004d60     0x4  startup_stm32f407xx.o [1]
  .text               ro code  0x08004d64     0x4  startup_stm32f407xx.o [1]
  .text               ro code  0x08004d68     0x4  startup_stm32f407xx.o [1]
  .text               ro code  0x08004d6c     0x4  startup_stm32f407xx.o [1]
  .text               ro code  0x08004d70     0x4  startup_stm32f407xx.o [1]
  .text               ro code  0x08004d74     0x4  startup_stm32f407xx.o [1]
  .text               ro code  0x08004d78     0x4  startup_stm32f407xx.o [1]
  .text               ro code  0x08004d7c     0x4  startup_stm32f407xx.o [1]
  .text               ro code  0x08004d80     0x4  startup_stm32f407xx.o [1]
  .text               ro code  0x08004d84     0x4  startup_stm32f407xx.o [1]
  .text               ro code  0x08004d88     0x4  startup_stm32f407xx.o [1]
  .text               ro code  0x08004d8c     0x4  startup_stm32f407xx.o [1]
  .text               ro code  0x08004d90     0x4  startup_stm32f407xx.o [1]
  .text               ro code  0x08004d94     0x4  startup_stm32f407xx.o [1]
  .text               ro code  0x08004d98     0x4  startup_stm32f407xx.o [1]
  .text               ro code  0x08004d9c     0x4  startup_stm32f407xx.o [1]
  .text               ro code  0x08004da0     0x4  startup_stm32f407xx.o [1]
  .text               ro code  0x08004da4     0x4  startup_stm32f407xx.o [1]
  .text               ro code  0x08004da8     0x4  startup_stm32f407xx.o [1]
  .text               ro code  0x08004dac     0x4  startup_stm32f407xx.o [1]
  .text               ro code  0x08004db0     0x4  startup_stm32f407xx.o [1]
  .text               ro code  0x08004db4     0x4  startup_stm32f407xx.o [1]
  .rodata             const    0x08004db8     0x0  zero_init3.o [5]
  .rodata             const    0x08004db8     0x0  packbits_init_single.o [5]
  Initializer bytes   const    0x08004db8    0x37  <for P2-1>
                             - 0x08004def  0x4c67

"P2", part 1 of 3:                          0x145
  P2-1                         0x20000000   0x145  <Init block>
    .data             inited   0x20000000     0x4  system_stm32f4xx.o [1]
    .data             inited   0x20000004    0x40  xfiles.o [3]
    __DLIB_PERTHREAD  inited   0x20000044    0x74  setlocale.o [3]
    __DLIB_PERTHREAD  inited   0x200000b8    0x88  localeconv.o [3]
    .data             inited   0x20000140     0x2  main.o [1]
    .data             inited   0x20000142     0x2  main.o [1]
    .data             inited   0x20000144     0x1  main.o [1]
                             - 0x20000145   0x145

"P2", part 2 of 3:                          0x600
  CSTACK                       0x20000148   0x400  <Block>
    CSTACK            uninit   0x20000148   0x400  <Block tail>
  HEAP                         0x20000548   0x200  <Block>
    HEAP              uninit   0x20000548   0x200  <Block tail>
                             - 0x20000748   0x600

"P2", part 3 of 3:                         0xede4
  .bss                zero     0x20000748  0xdc04  bsp_iap.o [1]
  .bss                zero     0x2000e34c   0x800  bsp_iap.o [1]
  .bss                zero     0x2000eb4c   0x800  stm_flash.o [1]
  .bss                zero     0x2000f34c    0x64  main.o [1]
  .bss                zero     0x2000f3b0    0x58  bsp_spiflash.o [1]
  .bss                zero     0x2000f408    0x50  xfiles.o [3]
  .bss                zero     0x2000f458    0x40  bsp_debug_usart.o [1]
  .bss                zero     0x2000f498    0x40  bsp_debug_usart.o [1]
  .bss                zero     0x2000f4d8    0x20  stm32f4xx_hal_flash.o [1]
  .bss                zero     0x2000f4f8    0x14  stm_flash.o [1]
  .bss                zero     0x2000f50c     0x8  xxmemxmalloc.o [3]
  .bss                zero     0x2000f514     0x4  stm32f4xx_hal.o [1]
  .bss                zero     0x2000f518     0x4  stm_flash.o [1]
  .bss                zero     0x2000f51c     0x4  stm_flash.o [1]
  .bss                zero     0x2000f520     0x4  xgetmemchunk.o [3]
  .bss                zero     0x2000f524     0x2  main.o [1]
  .bss                zero     0x2000f526     0x1  main.o [1]
  .bss                zero     0x2000f527     0x1  main.o [1]
  .bss                zero     0x2000f528     0x1  main.o [1]
  .bss                zero     0x2000f529     0x1  main.o [1]
  .bss                zero     0x2000f52a     0x1  main.o [1]
                             - 0x2000f52b  0xede3


*******************************************************************************
*** INIT TABLE
***

          Address     Size
          -------     ----
Zero (__iar_zero_init3)
    1 destination range, total size 0xede3:
          0x20000748  0xede3

Copy/packbits (__iar_packbits_init_single3)
    1 source range, total size 0x37 (16% of destination):
          0x08004db8    0x37
    1 destination range, total size 0x145:
          0x20000000   0x145



*******************************************************************************
*** MODULE SUMMARY
***

    Module                    ro code  ro data  rw data
    ------                    -------  -------  -------
D:\XiongXia\产品资料\IAP-Bootloader 终版\EWARM\YS-F4Pro\Obj: [1]
    bsp_debug_usart.o             476               128
    bsp_iap.o                     168       32   58 372
    bsp_spiflash.o                464                88
    crc16.o                       206
    main.o                      1 216      533      112
    startup_stm32f407xx.o         720
    stm32f4xx_hal.o               156                 4
    stm32f4xx_hal_cortex.o        338
    stm32f4xx_hal_dma.o            38
    stm32f4xx_hal_flash.o         592                32
    stm32f4xx_hal_flash_ex.o      460
    stm32f4xx_hal_gpio.o          552
    stm32f4xx_hal_msp.o           110
    stm32f4xx_hal_rcc.o         1 724
    stm32f4xx_hal_spi.o           876
    stm32f4xx_hal_uart.o        1 992
    stm32f4xx_it.o                 60
    stm_flash.o                   624       12    2 076
    system_stm32f4xx.o            108       24        4
    ---------------------------------------------------
    Total:                     10 880      601   60 816

command line: [2]
    ---------------------------------------------------
    Total:

dl7M_tlf.a: [3]
    div.o                          14
    exit.o                          4
    localeconv.o                  108       23      136
    low_level_init.o                4
    printf.o                       36
    putchar.o                      12
    setlocale.o                    36       20      116
    sprintf.o                      52
    strcat.o                       28
    toupper.o                      24
    xencoding_sb.o                 96
    xfiles.o                                11      144
    xgetmemchunk.o                 44                 4
    xmbcurmax.o                    10
    xmbtowc.o                      32
    xprintffull.o               4 454
    xprout.o                       22
    xsprout.o                      10
    xtls.o                          2
    xwctomb.o                      26
    xxmemxfree.o                  128
    xxmemxmalloc.o                176                 8
    ---------------------------------------------------
    Total:                      5 318       54      408

m7M_tls.a: [4]
    DblAdd.o                      212
    DblCmpGe.o                     46
    DblCmpLe.o                     46
    DblDiv.o                      598
    DblMul.o                      418
    DblSub.o                      384
    DblToI32.o                     88
    I32ToDbl.o                     48
    fpinit_M.o                     34
    xdnorm.o                       66
    xdscale.o                     276
    ---------------------------------------------------
    Total:                      2 216

rt7M_tl.a: [5]
    ABImemclr4.o                    6
    ABImemcpy_unaligned.o         118
    ABImemset48.o                  50
    I64DivMod.o                   238
    I64DivZer.o                     2
    cexit.o                        10
    cmain.o                        26
    cstartup_M.o                   12
    data_init.o                    40
    memchr.o                       88
    packbits_init_single.o         56
    strchr.o                       22
    strlen.o                       54
    zero_init3.o                   64
    ---------------------------------------------------
    Total:                        786

shb_l.a: [6]
    exit.o                         20
    ---------------------------------------------------
    Total:                         20

    Gaps                           42        2
    Linker created                          32    1 536
-------------------------------------------------------
    Grand Total:               19 262      689   62 760


*******************************************************************************
*** ENTRY LIST
***

Entry                      Address    Size  Type      Object
-----                      -------    ----  ----      ------
.iar.init_table$$Base   0x08004a40           --   Gb  - Linker created -
.iar.init_table$$Limit  0x08004a60           --   Gb  - Linker created -
?main                   0x08004af5          Code  Gb  cmain.o [5]
AHBPrescTable           0x08004c10    0x10  Data  Gb  system_stm32f4xx.o [1]
APBPrescTable           0x08004c78     0x8  Data  Gb  system_stm32f4xx.o [1]
BusFault_Handler        0x0800490b     0x2  Code  Gb  stm32f4xx_it.o [1]
CRC16_MODBUS            0x08003cc5    0x7e  Code  Gb  crc16.o [1]
CSTACK$$Base            0x20000148           --   Gb  - Linker created -
CSTACK$$Limit           0x20000548           --   Gb  - Linker created -
DebugMon_Handler        0x08004911     0x2  Code  Gb  stm32f4xx_it.o [1]
EraseInitStruct         0x2000f4f8    0x14  Data  Lc  stm_flash.o [1]
ErrorInfo               0x2000f34c    0x64  Data  Gb  main.o [1]
FLAG                    0x20000144     0x1  Data  Gb  main.o [1]
FLASH_Erase_Sector      0x08004729    0x70  Code  Gb  stm32f4xx_hal_flash_ex.o [1]
FLASH_FlushCaches       0x08004799    0x72  Code  Gb  stm32f4xx_hal_flash_ex.o [1]
FLASH_MassErase         0x080046fd    0x2c  Code  Lc  stm32f4xx_hal_flash_ex.o [1]
FLASH_Program_Byte      0x0800458b    0x24  Code  Lc  stm32f4xx_hal_flash.o [1]
FLASH_Program_DoubleWord
                        0x0800450d    0x2e  Code  Lc  stm32f4xx_hal_flash.o [1]
FLASH_Program_HalfWord  0x08004563    0x28  Code  Lc  stm32f4xx_hal_flash.o [1]
FLASH_Program_Word      0x0800453b    0x28  Code  Lc  stm32f4xx_hal_flash.o [1]
FLASH_SetErrorCode      0x080045af    0x84  Code  Lc  stm32f4xx_hal_flash.o [1]
FLASH_WaitForLastOperation
                        0x080044b7    0x56  Code  Gb  stm32f4xx_hal_flash.o [1]
FirstSector             0x2000f518     0x4  Data  Gb  stm_flash.o [1]
GetSector               0x0800431d    0xa2  Code  Lc  stm_flash.o [1]
HAL_DMA_Abort_IT        0x08002a81    0x26  Code  Gb  stm32f4xx_hal_dma.o [1]
HAL_Delay               0x08002a55    0x1e  Code  Wk  stm32f4xx_hal.o [1]
HAL_FLASHEx_Erase       0x0800464d    0xb0  Code  Gb  stm32f4xx_hal_flash_ex.o [1]
HAL_FLASH_Lock          0x080044a7    0x10  Code  Gb  stm32f4xx_hal_flash.o [1]
HAL_FLASH_Program       0x080043fd    0x8e  Code  Gb  stm32f4xx_hal_flash.o [1]
HAL_FLASH_Unlock        0x0800448b    0x1c  Code  Gb  stm32f4xx_hal_flash.o [1]
HAL_GPIO_Init           0x08003779   0x1da  Code  Gb  stm32f4xx_hal_gpio.o [1]
HAL_GPIO_WritePin       0x08003953    0x14  Code  Gb  stm32f4xx_hal_gpio.o [1]
HAL_GetTick             0x08002a4f     0x6  Code  Wk  stm32f4xx_hal.o [1]
HAL_IncTick             0x08002a43     0xc  Code  Wk  stm32f4xx_hal.o [1]
HAL_Init                0x080029e5    0x3a  Code  Gb  stm32f4xx_hal.o [1]
HAL_InitTick            0x08002a1f    0x24  Code  Wk  stm32f4xx_hal.o [1]
HAL_MspInit             0x080039a1    0x6e  Code  Gb  stm32f4xx_hal_msp.o [1]
HAL_NVIC_EnableIRQ      0x08003717     0xa  Code  Gb  stm32f4xx_hal_cortex.o [1]
HAL_NVIC_SetPriority    0x080036f5    0x22  Code  Gb  stm32f4xx_hal_cortex.o [1]
HAL_NVIC_SetPriorityGrouping
                        0x080036ed     0x8  Code  Gb  stm32f4xx_hal_cortex.o [1]
HAL_RCC_ClockConfig     0x08003351   0x1b2  Code  Gb  stm32f4xx_hal_rcc.o [1]
HAL_RCC_EnableCSS       0x08003503     0x8  Code  Gb  stm32f4xx_hal_rcc.o [1]
HAL_RCC_GetHCLKFreq     0x08003597     0x6  Code  Gb  stm32f4xx_hal_rcc.o [1]
HAL_RCC_GetPCLK1Freq    0x0800359d    0x20  Code  Gb  stm32f4xx_hal_rcc.o [1]
HAL_RCC_GetPCLK2Freq    0x080035bd    0x20  Code  Gb  stm32f4xx_hal_rcc.o [1]
HAL_RCC_GetSysClockFreq
                        0x0800350b    0x8c  Code  Wk  stm32f4xx_hal_rcc.o [1]
HAL_RCC_OscConfig       0x08002f69   0x3e8  Code  Wk  stm32f4xx_hal_rcc.o [1]
HAL_SPI_Init            0x08003e21    0x8e  Code  Gb  stm32f4xx_hal_spi.o [1]
HAL_SPI_MspInit         0x08003ae3    0xc8  Code  Gb  bsp_spiflash.o [1]
HAL_SPI_TransmitReceive
                        0x08003eaf   0x214  Code  Gb  stm32f4xx_hal_spi.o [1]
HAL_SYSTICK_CLKSourceConfig
                        0x08003729    0x20  Code  Gb  stm32f4xx_hal_cortex.o [1]
HAL_SYSTICK_Callback    0x08003775     0x2  Code  Wk  stm32f4xx_hal_cortex.o [1]
HAL_SYSTICK_Config      0x08003721     0x8  Code  Gb  stm32f4xx_hal_cortex.o [1]
HAL_SYSTICK_IRQHandler  0x0800376d     0x8  Code  Gb  stm32f4xx_hal_cortex.o [1]
HAL_UART_ErrorCallback  0x08002327     0x2  Code  Wk  stm32f4xx_hal_uart.o [1]
HAL_UART_IRQHandler     0x080021f1   0x134  Code  Gb  stm32f4xx_hal_uart.o [1]
HAL_UART_Init           0x08002041    0x76  Code  Gb  stm32f4xx_hal_uart.o [1]
HAL_UART_MspInit        0x08002831    0xc0  Code  Gb  bsp_debug_usart.o [1]
HAL_UART_Receive_IT     0x08002193    0x5e  Code  Gb  stm32f4xx_hal_uart.o [1]
HAL_UART_RxCpltCallback
                        0x08002e3b    0x8a  Code  Gb  main.o [1]
HAL_UART_Transmit       0x080020b7    0xdc  Code  Gb  stm32f4xx_hal_uart.o [1]
HAL_UART_TxCpltCallback
                        0x08002325     0x2  Code  Wk  stm32f4xx_hal_uart.o [1]
HEAP$$Base              0x20000548           --   Gb  - Linker created -
HEAP$$Limit             0x20000748           --   Gb  - Linker created -
HardFault_Handler       0x08004907     0x2  Code  Gb  stm32f4xx_it.o [1]
HexStrToByte            0x08002bbd    0x5e  Code  Gb  main.o [1]
IAP_ExecuteApp          0x08003db9    0x22  Code  Gb  bsp_iap.o [1]
IAP_Write_App_Bin       0x08003d45    0x6c  Code  Gb  bsp_iap.o [1]
InvertUint16            0x08003c9d    0x28  Code  Gb  crc16.o [1]
InvertUint8             0x08003c75    0x28  Code  Gb  crc16.o [1]
LoadInt                 0x080007d7    0x6e  Code  Lc  xprintffull.o [3]
Log                     0x08002b67    0x4e  Code  Gb  main.o [1]
MSR_MSP                 0x08003db1     0x8  Code  Gb  bsp_iap.o [1]
MX_DEBUG_USART_Init     0x0800294d    0x5c  Code  Gb  bsp_debug_usart.o [1]
MX_NVIC_USART1_Init     0x08002809    0x14  Code  Lc  bsp_debug_usart.o [1]
MX_NVIC_USART5_Init     0x0800281d    0x14  Code  Lc  bsp_debug_usart.o [1]
MX_SPIFlash_Init        0x08003a71    0x72  Code  Gb  bsp_spiflash.o [1]
MX_USARTx_Init          0x080028f1    0x5c  Code  Gb  bsp_debug_usart.o [1]
MemManage_Handler       0x08004909     0x2  Code  Gb  stm32f4xx_it.o [1]
NMI_Handler             0x08004905     0x2  Code  Gb  stm32f4xx_it.o [1]
NVIC_EnableIRQ          0x0800364b    0x14  Code  Lc  stm32f4xx_hal_cortex.o [1]
NVIC_EncodePriority     0x08003681    0x3e  Code  Lc  stm32f4xx_hal_cortex.o [1]
NVIC_GetPriorityGrouping
                        0x08003641     0xa  Code  Lc  stm32f4xx_hal_cortex.o [1]
NVIC_SetPriority        0x0800365f    0x22  Code  Lc  stm32f4xx_hal_cortex.o [1]
NVIC_SetPriorityGrouping
                        0x08003625    0x1c  Code  Lc  stm32f4xx_hal_cortex.o [1]
PendSV_Handler          0x08004913     0x2  Code  Gb  stm32f4xx_it.o [1]
RCC_IRQHandler          0x08004921     0x2  Code  Gb  stm32f4xx_it.o [1]
Region$$Table$$Base     0x08004a40           --   Gb  - Linker created -
Region$$Table$$Limit    0x08004a60           --   Gb  - Linker created -
Rxdata                  0x2000f526     0x1  Data  Gb  main.o [1]
SPI_CheckFlag_BSY       0x08004165    0x28  Code  Lc  stm32f4xx_hal_spi.o [1]
SPI_FLASH_BufferRead    0x08003bab    0x52  Code  Gb  bsp_spiflash.o [1]
SPI_FLASH_SendByte      0x08003bfd    0x2c  Code  Gb  bsp_spiflash.o [1]
SPI_WaitFlagStateUntilTimeout
                        0x080040c3    0xa2  Code  Lc  stm32f4xx_hal_spi.o [1]
STMFLASH_BUF            0x2000eb4c   0x800  Data  Lc  stm_flash.o [1]
STMFLASH_Read           0x080042f7    0x26  Code  Gb  stm_flash.o [1]
STMFLASH_ReadHalfWord   0x0800418d     0x4  Code  Gb  stm_flash.o [1]
STMFLASH_Write          0x080041bb   0x13c  Code  Gb  stm_flash.o [1]
STMFLASH_Write_NoCheck  0x08004191    0x2a  Code  Gb  stm_flash.o [1]
SVC_Handler             0x0800490f     0x2  Code  Gb  stm32f4xx_it.o [1]
SectorError             0x2000f51c     0x4  Data  Gb  stm_flash.o [1]
SysTick_Config          0x080036bf    0x2e  Code  Lc  stm32f4xx_hal_cortex.o [1]
SysTick_Handler         0x08004915     0xc  Code  Gb  stm32f4xx_it.o [1]
SystemClock_Config      0x08002aa9    0xbe  Code  Gb  main.o [1]
SystemCoreClock         0x20000000     0x4  Data  Gb  system_stm32f4xx.o [1]
SystemInit              0x08004819    0x4c  Code  Gb  system_stm32f4xx.o [1]
UART5_IRQHandler        0x0800492d     0xa  Code  Gb  stm32f4xx_it.o [1]
UART_DMAAbortOnError    0x080023bd    0x12  Code  Lc  stm32f4xx_hal_uart.o [1]
UART_EndRxTransfer      0x08002399    0x20  Code  Lc  stm32f4xx_hal_uart.o [1]
UART_EndTransmit_IT     0x0800243b    0x1c  Code  Lc  stm32f4xx_hal_uart.o [1]
UART_Receive_IT         0x08002457    0x9a  Code  Lc  stm32f4xx_hal_uart.o [1]
UART_SetConfig          0x080024f1   0x30c  Code  Lc  stm32f4xx_hal_uart.o [1]
UART_Transmit_IT        0x080023d1    0x6a  Code  Lc  stm32f4xx_hal_uart.o [1]
UART_WaitOnFlagUntilTimeout
                        0x08002329    0x70  Code  Lc  stm32f4xx_hal_uart.o [1]
USART1_IRQHandler       0x08004923     0xa  Code  Gb  stm32f4xx_it.o [1]
UsageFault_Handler      0x0800490d     0x2  Code  Gb  stm32f4xx_it.o [1]
_EncodingSb_Mbtowc      0x08001ef3    0x30  Code  Gb  xencoding_sb.o [3]
_EncodingSb_Wctomb      0x08001ed9    0x1a  Code  Gb  xencoding_sb.o [3]
_GenldFull              0x0800105b   0x24c  Code  Lc  xprintffull.o [3]
_IsdstStr               0x20000048     0x4  Data  Gb  setlocale.o [3]
_LdtobFull              0x08000c59   0x3fc  Code  Lc  xprintffull.o [3]
_LitobFull              0x08000b51   0x106  Code  Lc  xprintffull.o [3]
_LocaleEncoding         0x08001ec7     0xe  Code  Gb  setlocale.o [3]
_LocaleForCat           0x08001eb5    0x12  Code  Gb  setlocale.o [3]
_LocaleReturnString     0x20000068    0x50  Data  Lc  setlocale.o [3]
_Locale_Profile         0x2000004c    0x1c  Data  Gb  setlocale.o [3]
_Locale_aeabi_lconv     0x20000108    0x38  Data  Gb  localeconv.o [3]
_Locale_lconv           0x200000b8    0x50  Data  Gb  localeconv.o [3]
_Mbtowc                 0x080012ef    0x20  Code  Gb  xmbtowc.o [3]
_PrintfFull             0x08000189   0x638  Code  Gb  xprintffull.o [3]
_Prout                  0x08004b51    0x16  Code  Gb  xprout.o [3]
_PutcharsFull           0x080012a7    0x2e  Code  Lc  xprintffull.o [3]
_PutstrFull             0x08000845   0x306  Code  Lc  xprintffull.o [3]
_SProut                 0x0800130f     0xa  Code  Gb  xsprout.o [3]
_TzoneStr               0x20000044     0x4  Data  Gb  setlocale.o [3]
_Wctomb                 0x0800147d    0x1a  Code  Gb  xwctomb.o [3]
__aeabi_cdcmple         0x080016c1          Code  Gb  DblCmpLe.o [4]
__aeabi_cdrcmple        0x080016f1          Code  Gb  DblCmpGe.o [4]
__aeabi_d2iz            0x08001835          Code  Gb  DblToI32.o [4]
__aeabi_d2uiz           0x08001861          Code  Gb  DblToI32.o [4]
__aeabi_ddiv            0x08001be1          Code  Gb  DblDiv.o [4]
__aeabi_dmul            0x08001a3d          Code  Gb  DblMul.o [4]
__aeabi_dsub            0x080018bd          Code  Gb  DblSub.o [4]
__aeabi_i2d             0x0800188d          Code  Gb  I32ToDbl.o [4]
__aeabi_ldiv0           0x08001f65          Code  Gb  I64DivZer.o [5]
__aeabi_memclr4         0x08003a35          Code  Gb  ABImemclr4.o [5]
__aeabi_ui2d            0x080018a1          Code  Gb  I32ToDbl.o [4]
__aeabi_uldivmod        0x08001591          Code  Gb  I64DivMod.o [5]
__cmain                 0x08004af5          Code  Gb  cmain.o [5]
__data_Aldata           0x2000f50c     0x8  Data  Gb  xxmemxmalloc.o [3]
__data_GetMemChunk      0x08001f39    0x2c  Code  Gb  xgetmemchunk.o [3]
__exit                  0x08004b25    0x14  Code  Gb  exit.o [6]
__iar_Dnorm             0x0800167f    0x42  Code  Gb  xdnorm.o [4]
__iar_Dscale            0x08001721   0x114  Code  Gb  xdscale.o [4]
__iar_Locale_lconv_init
                        0x08001e39    0x3a  Code  Gb  localeconv.o [3]
__iar_Mbcurmax          0x080013c1     0xa  Code  Gb  xmbcurmax.o [3]
__iar_Memchr            0x08001369          Code  Gb  memchr.o [5]
__iar_Memset4_word      0x08003ded          Code  Gb  ABImemset48.o [5]
__iar_Memset8_word      0x08003ded          Code  Gb  ABImemset48.o [5]
__iar_Stdout            0x20000004    0x40  Data  Gb  xfiles.o [3]
__iar_Strchr            0x08001319          Code  Gb  strchr.o [5]
__iar_d2uiz             0x0800186d          Code  Gb  DblToI32.o [4]
__iar_dadd              0x08001f69          Code  Gb  DblAdd.o [4]
__iar_data_init3        0x080049d1    0x28  Code  Gb  data_init.o [5]
__iar_dlib_perthread_access
                        0x0800203d     0x2  Code  Gb  xtls.o [3]
__iar_dsub              0x080018d1          Code  Gb  DblSub.o [4]
__iar_dsubStart         0x080018e3          Code  Gb  DblSub.o [4]
__iar_init_vfp          0x08004a1d          Code  Gb  fpinit_M.o [4]
__iar_packbits_init_single3
                        0x08004941    0x38  Code  Gb  packbits_init_single.o [5]
__iar_program_start     0x08004c6d          Code  Gb  cstartup_M.o [5]
__iar_ui2d              0x080018a5          Code  Gb  I32ToDbl.o [4]
__iar_unaligned___aeabi_memcpy
                        0x08001499          Code  Gb  ABImemcpy_unaligned.o [5]
__iar_unaligned___aeabi_memcpy4
                        0x080014b9          Code  Gb  ABImemcpy_unaligned.o [5]
__iar_unaligned___aeabi_memcpy8
                        0x080014b9          Code  Gb  ABImemcpy_unaligned.o [5]
__iar_zero_init3        0x080048c5    0x40  Code  Gb  zero_init3.o [5]
__low_level_init        0x08004b0f     0x4  Code  Gb  low_level_init.o [3]
__vector_table          0x08000000          Data  Gb  startup_stm32f407xx.o [1]
_call_main              0x08004b01          Code  Gb  cmain.o [5]
_exit                   0x08004b19          Code  Gb  cexit.o [5]
_main                   0x08004b0b          Code  Gb  cmain.o [5]
android_flag            0x2000f52a     0x1  Data  Gb  main.o [1]
crcValue                0x20000140     0x2  Data  Gb  main.o [1]
crcValueTrue            0x20000142     0x2  Data  Gb  main.o [1]
div                     0x08001ea5     0xe  Code  Gb  div.o [3]
exit                    0x08004b13     0x4  Code  Gb  exit.o [3]
flag                    0x2000f529     0x1  Data  Gb  main.o [1]
fputc                   0x080029a9    0x14  Code  Gb  bsp_debug_usart.o [1]
free                    0x08001511    0x7a  Code  Gb  xxmemxfree.o [3]
hspiflash               0x2000f3b0    0x58  Data  Gb  bsp_spiflash.o [1]
husart_debug            0x2000f458    0x40  Data  Gb  bsp_debug_usart.o [1]
husartx                 0x2000f498    0x40  Data  Gb  bsp_debug_usart.o [1]
localeconv              0x08001e73    0x16  Code  Gb  localeconv.o [3]
main                    0x08002c1b   0x220  Code  Gb  main.o [1]
malloc                  0x080013cd    0xac  Code  Gb  xxmemxmalloc.o [3]
memchr                  0x08001369          Code  Gb  memchr.o [5]
obuf                    0x2000f408    0x50  Data  Lc  xfiles.o [3]
pFlash                  0x2000f4d8    0x20  Data  Gb  stm32f4xx_hal_flash.o [1]
printf                  0x08003a11    0x24  Code  Gb  printf.o [3]
putchar                 0x08004b69     0xc  Code  Gb  putchar.o [3]
recv                    0x2000f524     0x2  Data  Gb  main.o [1]
recv_flag               0x2000f527     0x1  Data  Gb  main.o [1]
sprintf                 0x08003c41    0x34  Code  Gb  sprintf.o [3]
strAppBin               0x20000748  0xdc04  Data  Gb  bsp_iap.o [1]
strcat                  0x08003a3b    0x1c  Code  Gb  strcat.o [3]
strchr                  0x08001319          Code  Gb  strchr.o [5]
strlen                  0x08001331          Code  Gb  strlen.o [5]
toupper                 0x08003a57    0x18  Code  Gb  toupper.o [3]
ulBuf_Flash_App         0x2000e34c   0x800  Data  Lc  bsp_iap.o [1]
updata_flag             0x2000f528     0x1  Data  Gb  main.o [1]
uwTick                  0x2000f514     0x4  Data  Gb  stm32f4xx_hal.o [1]


[1] = D:\XiongXia\产品资料\IAP-Bootloader 终版\EWARM\YS-F4Pro\Obj
[2] = command line
[3] = dl7M_tlf.a
[4] = m7M_tls.a
[5] = rt7M_tl.a
[6] = shb_l.a

  19 262 bytes of readonly  code memory
     689 bytes of readonly  data memory
  62 760 bytes of readwrite data memory

Errors: none
Warnings: none
